// Jest Snapshot v1, https://goo.gl/fbAQLP

exports[`renders correctly 1`] = `
<div>
  <h1>
    Hello, Welcome to the greatest App
  </h1>
  <div>
    <form
      onSubmit={[Function]}
    >
      <label>
        Enter Number:
        <input
          name="query"
          onChange={[Function]}
          type="text"
        />
      </label>
      <input
        type="submit"
        value="Submit"
      />
    </form>
  </div>
</div>
`;
